--------------------------------------------------------------------------------------
Timing Analyzer Summary
--------------------------------------------------------------------------------------

Type           : Worst-case tsu
Slack          : N/A
Required Time  : None
Actual Time    : 2.418 ns
From           : start
To             : inst18
From Clock     : --
To Clock       : start
Failed Paths   : 0

Type           : Worst-case tco
Slack          : N/A
Required Time  : None
Actual Time    : 14.837 ns
From           : lpm_dff0:inst7|lpm_ff:lpm_ff_component|dffs[0]
To             : regs_out[5]
From Clock     : CLK
To Clock       : --
Failed Paths   : 0

Type           : Worst-case tpd
Slack          : N/A
Required Time  : None
Actual Time    : 6.612 ns
From           : CLK
To             : control[0]
From Clock     : --
To Clock       : --
Failed Paths   : 0

Type           : Worst-case th
Slack          : N/A
Required Time  : None
Actual Time    : -2.179 ns
From           : start
To             : inst18
From Clock     : --
To Clock       : start
Failed Paths   : 0

Type           : Clock Setup: 'CLK'
Slack          : N/A
Required Time  : None
Actual Time    : 67.81 MHz ( period = 14.748 ns )
From           : lpm_dff0:inst7|lpm_ff:lpm_ff_component|dffs[0]
To             : REGS:inst61|lpm_dff1:inst24|lpm_ff:lpm_ff_component|dffs[0]
From Clock     : CLK
To Clock       : CLK
Failed Paths   : 0

Type           : Clock Setup: 'start'
Slack          : N/A
Required Time  : None
Actual Time    : Restricted to 500.00 MHz ( period = 2.000 ns )
From           : ROM:inst25|inst2
To             : ROM:inst25|inst2
From Clock     : start
To Clock       : start
Failed Paths   : 0

Type           : Clock Hold: 'start'
Slack          : Not operational: Clock Skew > Data Delay
Required Time  : None
Actual Time    : N/A
From           : inst18
To             : ROM:inst25|inst2
From Clock     : start
To Clock       : start
Failed Paths   : 2

Type           : Clock Hold: 'CLK'
Slack          : Not operational: Clock Skew > Data Delay
Required Time  : None
Actual Time    : N/A
From           : lpm_counter0:inst6|lpm_counter:lpm_counter_component|cntr_snj:auto_generated|safe_q[1]
To             : lpm_dff0:inst7|lpm_ff:lpm_ff_component|dffs[5]
From Clock     : CLK
To Clock       : CLK
Failed Paths   : 179

Type           : Total number of failed paths
Slack          : 
Required Time  : 
Actual Time    : 
From           : 
To             : 
From Clock     : 
To Clock       : 
Failed Paths   : 181

--------------------------------------------------------------------------------------

