--------------------------------------------------------------------------------------
Timing Analyzer Summary
--------------------------------------------------------------------------------------

Type           : Worst-case tco
Slack          : N/A
Required Time  : None
Actual Time    : 15.667 ns
From           : lpm_dff0:inst7|lpm_ff:lpm_ff_component|dffs[2]
To             : regs_out[3]
From Clock     : CLK
To Clock       : --
Failed Paths   : 0

Type           : Worst-case tpd
Slack          : N/A
Required Time  : None
Actual Time    : 9.178 ns
From           : CLK
To             : set
From Clock     : --
To Clock       : --
Failed Paths   : 0

Type           : Clock Setup: 'CLK'
Slack          : N/A
Required Time  : None
Actual Time    : 61.52 MHz ( period = 16.256 ns )
From           : lpm_dff0:inst7|lpm_ff:lpm_ff_component|dffs[1]
To             : REGS:inst61|lpm_dff1:inst24|lpm_ff:lpm_ff_component|dffs[0]
From Clock     : CLK
To Clock       : CLK
Failed Paths   : 0

Type           : Clock Hold: 'CLK'
Slack          : Not operational: Clock Skew > Data Delay
Required Time  : None
Actual Time    : N/A
From           : lpm_counter5:inst|lpm_counter:lpm_counter_component|cntr_r3i:auto_generated|safe_q[2]
To             : inst57
From Clock     : CLK
To Clock       : CLK
Failed Paths   : 201

Type           : Total number of failed paths
Slack          : 
Required Time  : 
Actual Time    : 
From           : 
To             : 
From Clock     : 
To Clock       : 
Failed Paths   : 201

--------------------------------------------------------------------------------------

